{
"issues":  [
{
"id":  "S121",
"message":  "Add curly braces around the nested statement(s) in this 'if' block.",
"location":  {
"uri":  "sources\Nancy\src\Nancy.Hosting.Aspnet\TinyIoCAspNetExtensions.cs",
"region":  {
"startLine":  26,
"startColumn":  13,
"endLine":  26,
"endColumn":  15
}
}
}
]
}
