{
"issues":  [
{
"id":  "S2221",
"message":  "Catch a list of specific exception subtype or use exception filters instead.",
"location":  {
"uri":  "sources\Nancy\src\Nancy.Authentication.Stateless\StatelessAuthentication.cs",
"region":  {
"startLine":  82,
"startColumn":  24,
"endLine":  82,
"endColumn":  33
}
}
}
]
}
