{
"issues":  [
{
"id":  "S4005",
"message":  "Call the overload that takes a 'System.Uri' as an argument instead.",
"location":  {
"uri":  "sources\Nancy\src\Nancy.Hosting.Self.Tests\NancySelfHostFixture.cs",
"region":  {
"startLine":  183,
"startColumn":  38,
"endLine":  183,
"endColumn":  88
}
}
}
]
}
