{
"issues":  [
{
"id":  "S4055",
"message":  "Replace this string literal with a string retrieved through an instance of the 'ResourceManager' class.",
"location":  {
"uri":  "sources\Nancy\src\Nancy.Demo.Hosting.Self\Program.cs",
"region":  {
"startLine":  16,
"startColumn":  35,
"endLine":  16,
"endColumn":  122
}
}
},
{
"id":  "S4055",
"message":  "Replace this string literal with a string retrieved through an instance of the 'ResourceManager' class.",
"location":  {
"uri":  "sources\Nancy\src\Nancy.Demo.Hosting.Self\Program.cs",
"region":  {
"startLine":  27,
"startColumn":  31,
"endLine":  27,
"endColumn":  51
}
}
}
]
}
