{
"issues":  [
{
"id":  "S3443",
"message":  "Remove this use of 'GetType' on a 'System.Type'.",
"location":  {
"uri":  "sources\Nancy\src\Nancy\Json\JavaScriptSerializer.cs",
"region":  {
"startLine":  300,
"startColumn":  119,
"endLine":  300,
"endColumn":  129
}
}
}
]
}
