{
"issues":  [
{
"id":  "S127",
"message":  "Do not update the loop counter 'i' within the loop body.",
"location":  {
"uri":  "sources\Nancy\src\Nancy\Helpers\HttpUtility.cs",
"region":  {
"startLine":  163,
"startColumn":  29,
"endLine":  163,
"endColumn":  30
}
}
},
{
"id":  "S127",
"message":  "Do not update the loop counter 'i' within the loop body.",
"location":  {
"uri":  "sources\Nancy\src\Nancy\Helpers\HttpUtility.cs",
"region":  {
"startLine":  171,
"startColumn":  25,
"endLine":  171,
"endColumn":  26
}
}
},
{
"id":  "S127",
"message":  "Do not update the loop counter 'i' within the loop body.",
"location":  {
"uri":  "sources\Nancy\src\Nancy\Helpers\HttpUtility.cs",
"region":  {
"startLine":  285,
"startColumn":  29,
"endLine":  285,
"endColumn":  30
}
}
},
{
"id":  "S127",
"message":  "Do not update the loop counter 'i' within the loop body.",
"location":  {
"uri":  "sources\Nancy\src\Nancy\Helpers\HttpUtility.cs",
"region":  {
"startLine":  292,
"startColumn":  25,
"endLine":  292,
"endColumn":  26
}
}
},
{
"id":  "S127",
"message":  "Do not update the loop counter 'i' within the loop body.",
"location":  {
"uri":  "sources\Nancy\src\Nancy\Helpers\HttpUtility.cs",
"region":  {
"startLine":  375,
"startColumn":  25,
"endLine":  375,
"endColumn":  26
}
}
}
]
}
