{
"issues":  [
{
"id":  "S105",
"message":  "Replace all tab characters in this file by sequences of white-spaces.",
"location":  {
"uri":  "sources\Nancy\src\Nancy.ViewEngines.Spark.Tests\SparkViewEngineFixture.cs",
"region":  {
"startLine":  28,
"startColumn":  1,
"endLine":  28,
"endColumn":  1
}
}
}
]
}
