{
"issues":  [
{
"id":  "S103",
"message":  "Split this 206 characters long line (which is greater than 200 authorized).",
"location":  {
"uri":  "sources\akka.net\src\contrib\cluster\Akka.Cluster.Sharding\PersistentShard.cs",
"region":  {
"startLine":  135,
"startColumn":  1,
"endLine":  135,
"endColumn":  207
}
}
},
{
"id":  "S103",
"message":  "Split this 215 characters long line (which is greater than 200 authorized).",
"location":  {
"uri":  "sources\akka.net\src\contrib\cluster\Akka.Cluster.Sharding\PersistentShardCoordinator.cs",
"region":  {
"startLine":  178,
"startColumn":  1,
"endLine":  178,
"endColumn":  216
}
}
},
{
"id":  "S103",
"message":  "Split this 213 characters long line (which is greater than 200 authorized).",
"location":  {
"uri":  "sources\akka.net\src\contrib\cluster\Akka.Cluster.Sharding\ShardRegion.cs",
"region":  {
"startLine":  297,
"startColumn":  1,
"endLine":  297,
"endColumn":  214
}
}
},
{
"id":  "S103",
"message":  "Split this 206 characters long line (which is greater than 200 authorized).",
"location":  {
"uri":  "sources\akka.net\src\contrib\cluster\Akka.Cluster.Sharding\ShardRegion.cs",
"region":  {
"startLine":  337,
"startColumn":  1,
"endLine":  337,
"endColumn":  207
}
}
}
]
}
