{
"issues":  [
{
"id":  "S2589",
"message":  "Change this condition so that it does not always evaluate to 'true'.",
"location":  {
"uri":  "sources\akka.net\src\core\Akka.Persistence\AtLeastOnceDeliverySemantic.cs",
"region":  {
"startLine":  49,
"startColumn":  23,
"endLine":  49,
"endColumn":  75
}
}
}
]
}
