{
"issues":  [
{
"id":  "S927",
"message":  "Rename parameter 'discovery' to 'testCaseDiscovered' to match the base class declaration.",
"location":  {
"uri":  "sources\akka.net\src\core\Akka.NodeTestRunner\Discovery.cs",
"region":  {
"startLine":  30,
"startColumn":  65,
"endLine":  30,
"endColumn":  74
}
}
}
]
}
