{
"issues":  [
{
"id":  "S121",
"message":  "Add curly braces around the nested statement(s) in this 'if' block.",
"location":  {
"uri":  "sources\akka.net\src\contrib\cluster\Akka.Cluster.Tools.Tests\ClusterClient\ClusterClientSpec.cs",
"region":  {
"startLine":  261,
"startColumn":  21,
"endLine":  261,
"endColumn":  23
}
}
},
{
"id":  "S121",
"message":  "Add curly braces around the nested statement(s) in this 'if' block.",
"location":  {
"uri":  "sources\akka.net\src\contrib\cluster\Akka.Cluster.Tools.Tests\ClusterClient\ClusterClientSpec.cs",
"region":  {
"startLine":  280,
"startColumn":  21,
"endLine":  280,
"endColumn":  23
}
}
},
{
"id":  "S121",
"message":  "Add curly braces around the nested statement(s) in this 'else' block.",
"location":  {
"uri":  "sources\akka.net\src\contrib\cluster\Akka.Cluster.Tools.Tests\ClusterClient\ClusterClientSpec.cs",
"region":  {
"startLine":  281,
"startColumn":  21,
"endLine":  281,
"endColumn":  25
}
}
},
{
"id":  "S121",
"message":  "Add curly braces around the nested statement(s) in this 'if' block.",
"location":  {
"uri":  "sources\akka.net\src\contrib\cluster\Akka.Cluster.Tools.Tests\ClusterClient\ClusterClientSpec.cs",
"region":  {
"startLine":  302,
"startColumn":  21,
"endLine":  302,
"endColumn":  23
}
}
},
{
"id":  "S121",
"message":  "Add curly braces around the nested statement(s) in this 'foreach' block.",
"location":  {
"uri":  "sources\akka.net\src\contrib\cluster\Akka.Cluster.Tools.Tests\ClusterClient\ClusterClientSpec.cs",
"region":  {
"startLine":  305,
"startColumn":  21,
"endLine":  305,
"endColumn":  28
}
}
},
{
"id":  "S121",
"message":  "Add curly braces around the nested statement(s) in this 'if' block.",
"location":  {
"uri":  "sources\akka.net\src\contrib\cluster\Akka.Cluster.Tools.Tests\ClusterClient\ClusterClientSpec.cs",
"region":  {
"startLine":  306,
"startColumn":  25,
"endLine":  306,
"endColumn":  27
}
}
},
{
"id":  "S121",
"message":  "Add curly braces around the nested statement(s) in this 'if' block.",
"location":  {
"uri":  "sources\akka.net\src\contrib\cluster\Akka.Cluster.Tools.Tests\PublishSubscribe\DistributedPubSubMediatorSpec.cs",
"region":  {
"startLine":  191,
"startColumn":  17,
"endLine":  191,
"endColumn":  19
}
}
},
{
"id":  "S121",
"message":  "Add curly braces around the nested statement(s) in this 'if' block.",
"location":  {
"uri":  "sources\akka.net\src\contrib\cluster\Akka.Cluster.Tools.Tests\Singleton\ClusterSingletonManagerChaosSpec.cs",
"region":  {
"startLine":  144,
"startColumn":  17,
"endLine":  144,
"endColumn":  19
}
}
},
{
"id":  "S121",
"message":  "Add curly braces around the nested statement(s) in this 'if' block.",
"location":  {
"uri":  "sources\akka.net\src\contrib\cluster\Akka.Cluster.Tools.Tests\Singleton\ClusterSingletonManagerSpec.cs",
"region":  {
"startLine":  589,
"startColumn":  17,
"endLine":  589,
"endColumn":  19
}
}
}
]
}
