{
"issues":  [
{
"id":  "S1135",
"message":  "Complete the task associated to this 'TODO' comment.",
"location":  {
"uri":  "sources\akka.net\src\contrib\cluster\Akka.Cluster.Sharding.Tests\ClusterShardingFailureSpec.cs",
"region":  {
"startLine":  199,
"startColumn":  19,
"endLine":  199,
"endColumn":  23
}
}
},
{
"id":  "S1135",
"message":  "Complete the task associated to this 'TODO' comment.",
"location":  {
"uri":  "sources\akka.net\src\contrib\cluster\Akka.Cluster.Sharding.Tests\ClusterShardingGracefulShutdownSpec.cs",
"region":  {
"startLine":  180,
"startColumn":  19,
"endLine":  180,
"endColumn":  23
}
}
},
{
"id":  "S1135",
"message":  "Complete the task associated to this 'TODO' comment.",
"location":  {
"uri":  "sources\akka.net\src\contrib\cluster\Akka.Cluster.Sharding.Tests\ClusterShardingSpec.cs",
"region":  {
"startLine":  466,
"startColumn":  33,
"endLine":  466,
"endColumn":  37
}
}
}
]
}
