{
"issues":  [
{
"id":  "S1450",
"message":  "Remove the field 'system' and declare it as a local variable in the relevant methods.",
"location":  {
"uri":  "sources\akka.net\src\contrib\dependencyInjection\Akka.DI.Core\DIActorSystemAdapter.cs",
"region":  {
"startLine":  16,
"startColumn":  30,
"endLine":  16,
"endColumn":  36
}
}
}
]
}
