{
"issues":  [
{
"id":  "S2933",
"message":  "Make 'container' 'readonly'.",
"location":  {
"uri":  "sources\akka.net\src\contrib\dependencyInjection\Akka.DI.Unity\UnityDependencyResolver.cs",
"region":  {
"startLine":  23,
"startColumn":  33,
"endLine":  23,
"endColumn":  42
}
}
},
{
"id":  "S2933",
"message":  "Make 'typeCache' 'readonly'.",
"location":  {
"uri":  "sources\akka.net\src\contrib\dependencyInjection\Akka.DI.Unity\UnityDependencyResolver.cs",
"region":  {
"startLine":  24,
"startColumn":  52,
"endLine":  24,
"endColumn":  61
}
}
},
{
"id":  "S2933",
"message":  "Make 'system' 'readonly'.",
"location":  {
"uri":  "sources\akka.net\src\contrib\dependencyInjection\Akka.DI.Unity\UnityDependencyResolver.cs",
"region":  {
"startLine":  25,
"startColumn":  29,
"endLine":  25,
"endColumn":  35
}
}
},
{
"id":  "S2933",
"message":  "Make 'references' 'readonly'.",
"location":  {
"uri":  "sources\akka.net\src\contrib\dependencyInjection\Akka.DI.Unity\UnityDependencyResolver.cs",
"region":  {
"startLine":  26,
"startColumn":  66,
"endLine":  26,
"endColumn":  76
}
}
}
]
}
