{
"issues":  [
{
"id":  "S2931",
"message":  "Implement 'IDisposable' in this class and use the 'Dispose' method to call 'Dispose' on '_resetEvent'.",
"location":  {
"uri":  "sources\akka.net\src\core\Akka.Tests.Performance\Actor\ActorThroughputSpecBase.cs",
"region":  {
"startLine":  12,
"startColumn":  27,
"endLine":  12,
"endColumn":  50
}
}
}
]
}
