{
"issues":  [
{
"id":  "S138",
"message":  "This constructor 'DistributedPubSubMediator' has 184 lines, which is greater than the 80 lines authorized. Split it into smaller methods.",
"location":  {
"uri":  "sources\akka.net\src\contrib\cluster\Akka.Cluster.Tools\PublishSubscribe\DistributedPubSubMediator.cs",
"region":  {
"startLine":  130,
"startColumn":  16,
"endLine":  130,
"endColumn":  41
}
}
},
{
"id":  "S138",
"message":  "This method 'InitializeFSM' has 340 lines, which is greater than the 80 lines authorized. Split it into smaller methods.",
"location":  {
"uri":  "sources\akka.net\src\contrib\cluster\Akka.Cluster.Tools\Singleton\ClusterSingletonManager.cs",
"region":  {
"startLine":  378,
"startColumn":  22,
"endLine":  378,
"endColumn":  35
}
}
}
]
}
