{
"issues":  [
{
"id":  "S3717",
"message":  "Implement this method or throw 'NotSupportedException' instead.",
"location":  {
"uri":  "sources\akka.net\src\core\Akka.Remote\RemoteActorRef.cs",
"region":  {
"startLine":  102,
"startColumn":  13,
"endLine":  102,
"endColumn":  49
}
}
},
{
"id":  "S3717",
"message":  "Implement this method or throw 'NotSupportedException' instead.",
"location":  {
"uri":  "sources\akka.net\src\core\Akka.Remote\Serialization\ProtobufSerializer.cs",
"region":  {
"startLine":  52,
"startColumn":  13,
"endLine":  52,
"endColumn":  49
}
}
},
{
"id":  "S3717",
"message":  "Implement this method or throw 'NotSupportedException' instead.",
"location":  {
"uri":  "sources\akka.net\src\core\Akka.Remote\Serialization\ProtobufSerializer.cs",
"region":  {
"startLine":  69,
"startColumn":  13,
"endLine":  69,
"endColumn":  49
}
}
},
{
"id":  "S3717",
"message":  "Implement this method or throw 'NotSupportedException' instead.",
"location":  {
"uri":  "sources\akka.net\src\core\Akka.Remote\Transport\Helios\HeliosTransport.cs",
"region":  {
"startLine":  276,
"startColumn":  17,
"endLine":  276,
"endColumn":  101
}
}
},
{
"id":  "S3717",
"message":  "Implement this method or throw 'NotSupportedException' instead.",
"location":  {
"uri":  "sources\akka.net\src\core\Akka.Remote\Transport\Helios\HeliosTransport.cs",
"region":  {
"startLine":  284,
"startColumn":  17,
"endLine":  284,
"endColumn":  101
}
}
}
]
}
