{
"issues":  [
{
"id":  "S1104",
"message":  "Make this field 'private' and encapsulate it in a 'public' property.",
"location":  {
"uri":  "sources\akka.net\src\core\Akka\Actor\ActorRef.cs",
"region":  {
"startLine":  341,
"startColumn":  30,
"endLine":  341,
"endColumn":  53
}
}
},
{
"id":  "S1104",
"message":  "Make this field 'private' and encapsulate it in a 'public' property.",
"location":  {
"uri":  "sources\akka.net\src\core\Akka\Actor\SupervisorStrategy.cs",
"region":  {
"startLine":  82,
"startColumn":  32,
"endLine":  85,
"endColumn":  55
}
}
},
{
"id":  "S1104",
"message":  "Make this field 'private' and encapsulate it in a 'public' property.",
"location":  {
"uri":  "sources\akka.net\src\core\Akka\IO\Tcp.cs",
"region":  {
"startLine":  439,
"startColumn":  42,
"endLine":  439,
"endColumn":  73
}
}
},
{
"id":  "S1104",
"message":  "Make this field 'private' and encapsulate it in a 'public' property.",
"location":  {
"uri":  "sources\akka.net\src\core\Akka\IO\Tcp.cs",
"region":  {
"startLine":  452,
"startColumn":  41,
"endLine":  452,
"endColumn":  71
}
}
},
{
"id":  "S1104",
"message":  "Make this field 'private' and encapsulate it in a 'public' property.",
"location":  {
"uri":  "sources\akka.net\src\core\Akka\IO\Tcp.cs",
"region":  {
"startLine":  538,
"startColumn":  42,
"endLine":  538,
"endColumn":  73
}
}
},
{
"id":  "S1104",
"message":  "Make this field 'private' and encapsulate it in a 'public' property.",
"location":  {
"uri":  "sources\akka.net\src\core\Akka\IO\Tcp.cs",
"region":  {
"startLine":  562,
"startColumn":  35,
"endLine":  562,
"endColumn":  59
}
}
},
{
"id":  "S1104",
"message":  "Make this field 'private' and encapsulate it in a 'public' property.",
"location":  {
"uri":  "sources\akka.net\src\core\Akka\IO\Tcp.cs",
"region":  {
"startLine":  614,
"startColumn":  35,
"endLine":  614,
"endColumn":  59
}
}
},
{
"id":  "S1104",
"message":  "Make this field 'private' and encapsulate it in a 'public' property.",
"location":  {
"uri":  "sources\akka.net\src\core\Akka\IO\Tcp.cs",
"region":  {
"startLine":  632,
"startColumn":  43,
"endLine":  632,
"endColumn":  75
}
}
},
{
"id":  "S1104",
"message":  "Make this field 'private' and encapsulate it in a 'public' property.",
"location":  {
"uri":  "sources\akka.net\src\core\Akka\IO\Tcp.cs",
"region":  {
"startLine":  649,
"startColumn":  38,
"endLine":  649,
"endColumn":  65
}
}
}
]
}
