{
"issues":  [
{
"id":  "S125",
"message":  "Remove this commented out code.",
"location":  {
"uri":  "sources\akka.net\src\examples\Cluster\ClusterTools\ClusterToolsExample.Node\Program.cs",
"region":  {
"startLine":  16,
"startColumn":  17,
"endLine":  16,
"endColumn":  53
}
}
},
{
"id":  "S125",
"message":  "Remove this commented out code.",
"location":  {
"uri":  "sources\akka.net\src\examples\Cluster\ClusterTools\ClusterToolsExample.Node\Program.cs",
"region":  {
"startLine":  18,
"startColumn":  17,
"endLine":  18,
"endColumn":  44
}
}
}
]
}
