{
"issues":  [
{
"id":  "S122",
"message":  "Reformat the code to have only one statement per line.",
"location":  {
"uri":  "sources\akka.net\src\benchmark\PersistenceBenchmark\PerformanceActors.cs",
"region":  {
"startLine":  29,
"startColumn":  13,
"endLine":  29,
"endColumn":  46
}
}
},
{
"id":  "S122",
"message":  "Reformat the code to have only one statement per line.",
"location":  {
"uri":  "sources\akka.net\src\benchmark\PersistenceBenchmark\PerformanceActors.cs",
"region":  {
"startLine":  37,
"startColumn":  13,
"endLine":  37,
"endColumn":  109
}
}
},
{
"id":  "S122",
"message":  "Reformat the code to have only one statement per line.",
"location":  {
"uri":  "sources\akka.net\src\benchmark\PersistenceBenchmark\PerformanceActors.cs",
"region":  {
"startLine":  38,
"startColumn":  18,
"endLine":  38,
"endColumn":  79
}
}
},
{
"id":  "S122",
"message":  "Reformat the code to have only one statement per line.",
"location":  {
"uri":  "sources\akka.net\src\benchmark\PersistenceBenchmark\PerformanceActors.cs",
"region":  {
"startLine":  56,
"startColumn":  21,
"endLine":  56,
"endColumn":  54
}
}
},
{
"id":  "S122",
"message":  "Reformat the code to have only one statement per line.",
"location":  {
"uri":  "sources\akka.net\src\benchmark\PersistenceBenchmark\PerformanceActors.cs",
"region":  {
"startLine":  57,
"startColumn":  21,
"endLine":  57,
"endColumn":  94
}
}
},
{
"id":  "S122",
"message":  "Reformat the code to have only one statement per line.",
"location":  {
"uri":  "sources\akka.net\src\benchmark\PersistenceBenchmark\PerformanceActors.cs",
"region":  {
"startLine":  76,
"startColumn":  21,
"endLine":  76,
"endColumn":  54
}
}
},
{
"id":  "S122",
"message":  "Reformat the code to have only one statement per line.",
"location":  {
"uri":  "sources\akka.net\src\benchmark\PersistenceBenchmark\PerformanceActors.cs",
"region":  {
"startLine":  77,
"startColumn":  21,
"endLine":  77,
"endColumn":  94
}
}
},
{
"id":  "S122",
"message":  "Reformat the code to have only one statement per line.",
"location":  {
"uri":  "sources\akka.net\src\benchmark\PersistenceBenchmark\PerformanceActors.cs",
"region":  {
"startLine":  93,
"startColumn":  13,
"endLine":  93,
"endColumn":  46
}
}
},
{
"id":  "S122",
"message":  "Reformat the code to have only one statement per line.",
"location":  {
"uri":  "sources\akka.net\src\benchmark\PersistenceBenchmark\PerformanceActors.cs",
"region":  {
"startLine":  94,
"startColumn":  13,
"endLine":  94,
"endColumn":  86
}
}
},
{
"id":  "S122",
"message":  "Reformat the code to have only one statement per line.",
"location":  {
"uri":  "sources\akka.net\src\benchmark\PersistenceBenchmark\PerformanceActors.cs",
"region":  {
"startLine":  102,
"startColumn":  17,
"endLine":  102,
"endColumn":  66
}
}
},
{
"id":  "S122",
"message":  "Reformat the code to have only one statement per line.",
"location":  {
"uri":  "sources\akka.net\src\benchmark\PersistenceBenchmark\PerformanceActors.cs",
"region":  {
"startLine":  117,
"startColumn":  13,
"endLine":  117,
"endColumn":  64
}
}
},
{
"id":  "S122",
"message":  "Reformat the code to have only one statement per line.",
"location":  {
"uri":  "sources\akka.net\src\benchmark\PersistenceBenchmark\Program.cs",
"region":  {
"startLine":  61,
"startColumn":  13,
"endLine":  61,
"endColumn":  66
}
}
},
{
"id":  "S122",
"message":  "Reformat the code to have only one statement per line.",
"location":  {
"uri":  "sources\akka.net\src\benchmark\PersistenceBenchmark\Program.cs",
"region":  {
"startLine":  70,
"startColumn":  13,
"endLine":  70,
"endColumn":  70
}
}
},
{
"id":  "S122",
"message":  "Reformat the code to have only one statement per line.",
"location":  {
"uri":  "sources\akka.net\src\benchmark\PersistenceBenchmark\Program.cs",
"region":  {
"startLine":  75,
"startColumn":  13,
"endLine":  75,
"endColumn":  72
}
}
}
]
}
