{
"issues":  [
{
"id":  "S4055",
"message":  "Replace this string literal with a string retrieved through an instance of the 'ResourceManager' class.",
"location":  {
"uri":  "sources\akka.net\src\examples\Cluster\Routing\Samples.Cluster.ConsistentHashRouting\BackendActor.cs",
"region":  {
"startLine":  22,
"startColumn":  35,
"endLine":  22,
"endColumn":  93
}
}
},
{
"id":  "S4055",
"message":  "Replace this string literal with a string retrieved through an instance of the 'ResourceManager' class.",
"location":  {
"uri":  "sources\akka.net\src\examples\Cluster\Routing\Samples.Cluster.ConsistentHashRouting\FrontendActor.cs",
"region":  {
"startLine":  46,
"startColumn":  35,
"endLine":  46,
"endColumn":  90
}
}
},
{
"id":  "S4055",
"message":  "Replace this string literal with a string retrieved through an instance of the 'ResourceManager' class.",
"location":  {
"uri":  "sources\akka.net\src\examples\Cluster\Routing\Samples.Cluster.ConsistentHashRouting\FrontendActor.cs",
"region":  {
"startLine":  75,
"startColumn":  35,
"endLine":  75,
"endColumn":  86
}
}
},
{
"id":  "S4055",
"message":  "Replace this string literal with a string retrieved through an instance of the 'ResourceManager' class.",
"location":  {
"uri":  "sources\akka.net\src\examples\Cluster\Routing\Samples.Cluster.ConsistentHashRouting\Program.cs",
"region":  {
"startLine":  33,
"startColumn":  31,
"endLine":  33,
"endColumn":  55
}
}
}
]
}
