{
"issues":  [
{
"id":  "S4040",
"message":  "Change this normalization to 'ToUpperInvariant()'.",
"location":  {
"uri":  "sources\akka.net\src\examples\TimeServer\TimeServer\Program.cs",
"region":  {
"startLine":  34,
"startColumn":  29,
"endLine":  34,
"endColumn":  45
}
}
}
]
}
