{
"issues":  [
{
"id":  "S122",
"message":  "Reformat the code to have only one statement per line.",
"location":  {
"uri":  "sources\Ember-MM\Addons\generic.EmberCore.BulkRename\clsAPIRenamer.vb",
"region":  {
"startLine":  213,
"startColumn":  29,
"endLine":  213,
"endColumn":  107
}
}
},
{
"id":  "S122",
"message":  "Reformat the code to have only one statement per line.",
"location":  {
"uri":  "sources\Ember-MM\Addons\generic.EmberCore.BulkRename\clsAPIRenamer.vb",
"region":  {
"startLine":  432,
"startColumn":  33,
"endLine":  432,
"endColumn":  79
}
}
},
{
"id":  "S122",
"message":  "Reformat the code to have only one statement per line.",
"location":  {
"uri":  "sources\Ember-MM\Addons\generic.EmberCore.BulkRename\clsAPIRenamer.vb",
"region":  {
"startLine":  443,
"startColumn":  41,
"endLine":  443,
"endColumn":  173
}
}
},
{
"id":  "S122",
"message":  "Reformat the code to have only one statement per line.",
"location":  {
"uri":  "sources\Ember-MM\Addons\generic.EmberCore.BulkRename\clsAPIRenamer.vb",
"region":  {
"startLine":  469,
"startColumn":  37,
"endLine":  469,
"endColumn":  87
}
}
},
{
"id":  "S122",
"message":  "Reformat the code to have only one statement per line.",
"location":  {
"uri":  "sources\Ember-MM\Addons\generic.EmberCore.BulkRename\clsAPIRenamer.vb",
"region":  {
"startLine":  546,
"startColumn":  13,
"endLine":  546,
"endColumn":  38
}
}
},
{
"id":  "S122",
"message":  "Reformat the code to have only one statement per line.",
"location":  {
"uri":  "sources\Ember-MM\Addons\generic.EmberCore.BulkRename\clsAPIRenamer.vb",
"region":  {
"startLine":  620,
"startColumn":  13,
"endLine":  620,
"endColumn":  115
}
}
},
{
"id":  "S122",
"message":  "Reformat the code to have only one statement per line.",
"location":  {
"uri":  "sources\Ember-MM\Addons\generic.EmberCore.BulkRename\clsAPIRenamer.vb",
"region":  {
"startLine":  636,
"startColumn":  17,
"endLine":  636,
"endColumn":  61
}
}
},
{
"id":  "S122",
"message":  "Reformat the code to have only one statement per line.",
"location":  {
"uri":  "sources\Ember-MM\Addons\generic.EmberCore.BulkRename\clsAPIRenamer.vb",
"region":  {
"startLine":  641,
"startColumn":  17,
"endLine":  641,
"endColumn":  61
}
}
},
{
"id":  "S122",
"message":  "Reformat the code to have only one statement per line.",
"location":  {
"uri":  "sources\Ember-MM\Addons\generic.EmberCore.BulkRename\clsAPIRenamer.vb",
"region":  {
"startLine":  649,
"startColumn":  17,
"endLine":  649,
"endColumn":  61
}
}
},
{
"id":  "S122",
"message":  "Reformat the code to have only one statement per line.",
"location":  {
"uri":  "sources\Ember-MM\Addons\generic.EmberCore.BulkRename\clsAPIRenamer.vb",
"region":  {
"startLine":  657,
"startColumn":  13,
"endLine":  657,
"endColumn":  69
}
}
},
{
"id":  "S122",
"message":  "Reformat the code to have only one statement per line.",
"location":  {
"uri":  "sources\Ember-MM\Addons\generic.EmberCore.BulkRename\clsAPIRenamer.vb",
"region":  {
"startLine":  688,
"startColumn":  33,
"endLine":  688,
"endColumn":  165
}
}
},
{
"id":  "S122",
"message":  "Reformat the code to have only one statement per line.",
"location":  {
"uri":  "sources\Ember-MM\Addons\generic.EmberCore.BulkRename\clsAPIRenamer.vb",
"region":  {
"startLine":  779,
"startColumn":  9,
"endLine":  779,
"endColumn":  159
}
}
},
{
"id":  "S122",
"message":  "Reformat the code to have only one statement per line.",
"location":  {
"uri":  "sources\Ember-MM\Addons\generic.EmberCore.BulkRename\clsAPIRenamer.vb",
"region":  {
"startLine":  780,
"startColumn":  9,
"endLine":  780,
"endColumn":  156
}
}
},
{
"id":  "S122",
"message":  "Reformat the code to have only one statement per line.",
"location":  {
"uri":  "sources\Ember-MM\Addons\generic.EmberCore.BulkRename\clsAPIRenamer.vb",
"region":  {
"startLine":  781,
"startColumn":  9,
"endLine":  781,
"endColumn":  153
}
}
},
{
"id":  "S122",
"message":  "Reformat the code to have only one statement per line.",
"location":  {
"uri":  "sources\Ember-MM\Addons\generic.EmberCore.BulkRename\clsAPIRenamer.vb",
"region":  {
"startLine":  782,
"startColumn":  9,
"endLine":  782,
"endColumn":  150
}
}
},
{
"id":  "S122",
"message":  "Reformat the code to have only one statement per line.",
"location":  {
"uri":  "sources\Ember-MM\Addons\generic.EmberCore.BulkRename\clsAPIRenamer.vb",
"region":  {
"startLine":  783,
"startColumn":  9,
"endLine":  783,
"endColumn":  159
}
}
},
{
"id":  "S122",
"message":  "Reformat the code to have only one statement per line.",
"location":  {
"uri":  "sources\Ember-MM\Addons\generic.EmberCore.BulkRename\clsAPIRenamer.vb",
"region":  {
"startLine":  784,
"startColumn":  9,
"endLine":  784,
"endColumn":  150
}
}
},
{
"id":  "S122",
"message":  "Reformat the code to have only one statement per line.",
"location":  {
"uri":  "sources\Ember-MM\Addons\generic.EmberCore.BulkRename\clsAPIRenamer.vb",
"region":  {
"startLine":  785,
"startColumn":  9,
"endLine":  785,
"endColumn":  162
}
}
},
{
"id":  "S122",
"message":  "Reformat the code to have only one statement per line.",
"location":  {
"uri":  "sources\Ember-MM\Addons\generic.EmberCore.BulkRename\dlgBulkRename.vb",
"region":  {
"startLine":  327,
"startColumn":  9,
"endLine":  327,
"endColumn":  183
}
}
},
{
"id":  "S122",
"message":  "Reformat the code to have only one statement per line.",
"location":  {
"uri":  "sources\Ember-MM\Addons\generic.EmberCore.BulkRename\dlgBulkRename.vb",
"region":  {
"startLine":  330,
"startColumn":  13,
"endLine":  330,
"endColumn":  45
}
}
},
{
"id":  "S122",
"message":  "Reformat the code to have only one statement per line.",
"location":  {
"uri":  "sources\Ember-MM\Addons\generic.EmberCore.BulkRename\dlgBulkRename.vb",
"region":  {
"startLine":  485,
"startColumn":  9,
"endLine":  485,
"endColumn":  42
}
}
},
{
"id":  "S122",
"message":  "Reformat the code to have only one statement per line.",
"location":  {
"uri":  "sources\Ember-MM\Addons\generic.EmberCore.BulkRename\dlgBulkRename.vb",
"region":  {
"startLine":  572,
"startColumn":  13,
"endLine":  572,
"endColumn":  75
}
}
},
{
"id":  "S122",
"message":  "Reformat the code to have only one statement per line.",
"location":  {
"uri":  "sources\Ember-MM\Addons\generic.EmberCore.BulkRename\dlgBulkRename.vb",
"region":  {
"startLine":  581,
"startColumn":  13,
"endLine":  581,
"endColumn":  97
}
}
},
{
"id":  "S122",
"message":  "Reformat the code to have only one statement per line.",
"location":  {
"uri":  "sources\Ember-MM\Addons\generic.EmberCore.BulkRename\dlgBulkRename.vb",
"region":  {
"startLine":  590,
"startColumn":  13,
"endLine":  590,
"endColumn":  79
}
}
},
{
"id":  "S122",
"message":  "Reformat the code to have only one statement per line.",
"location":  {
"uri":  "sources\Ember-MM\Addons\generic.EmberCore.BulkRename\Module.BulkRenamer.vb",
"region":  {
"startLine":  64,
"startColumn":  13,
"endLine":  64,
"endColumn":  44
}
}
}
]
}
