{
"issues":  [
{
"id":  "S1643",
"message":  "Use a StringBuilder instead.",
"location":  {
"uri":  "sources\Ember-MM\Addons\generic.EmberCore.MediaFileManager\Module.MediaFileManagerModule.vb",
"region":  {
"startLine":  136,
"startColumn":  13,
"endLine":  136,
"endColumn":  95
}
}
},
{
"id":  "S1643",
"message":  "Use a StringBuilder instead.",
"location":  {
"uri":  "sources\Ember-MM\Addons\generic.EmberCore.MediaFileManager\Module.MediaFileManagerModule.vb",
"region":  {
"startLine":  137,
"startColumn":  13,
"endLine":  137,
"endColumn":  101
}
}
}
]
}
