{
"issues":  [
{
"id":  "S117",
"message":  "Rename this local variable to match the regular expression: '^[a-z][a-z0-9]*([A-Z]{1,3}[a-z0-9]+)*([A-Z]{2})?$'.",
"location":  {
"uri":  "sources\Ember-MM\Addons\generic.EmberCore.MovieExport\dlgExportMovies.vb",
"region":  {
"startLine":  54,
"startColumn":  17,
"endLine":  54,
"endColumn":  23
}
}
},
{
"id":  "S117",
"message":  "Rename this local variable to match the regular expression: '^[a-z][a-z0-9]*([A-Z]{1,3}[a-z0-9]+)*([A-Z]{2})?$'.",
"location":  {
"uri":  "sources\Ember-MM\Addons\generic.EmberCore.MovieExport\dlgExportMovies.vb",
"region":  {
"startLine":  76,
"startColumn":  13,
"endLine":  76,
"endColumn":  22
}
}
},
{
"id":  "S117",
"message":  "Rename this local variable to match the regular expression: '^[a-z][a-z0-9]*([A-Z]{1,3}[a-z0-9]+)*([A-Z]{2})?$'.",
"location":  {
"uri":  "sources\Ember-MM\Addons\generic.EmberCore.MovieExport\dlgExportMovies.vb",
"region":  {
"startLine":  77,
"startColumn":  13,
"endLine":  77,
"endColumn":  20
}
}
},
{
"id":  "S117",
"message":  "Rename this local variable to match the regular expression: '^[a-z][a-z0-9]*([A-Z]{1,3}[a-z0-9]+)*([A-Z]{2})?$'.",
"location":  {
"uri":  "sources\Ember-MM\Addons\generic.EmberCore.MovieExport\dlgExportMovies.vb",
"region":  {
"startLine":  78,
"startColumn":  13,
"endLine":  78,
"endColumn":  19
}
}
},
{
"id":  "S117",
"message":  "Rename this local variable to match the regular expression: '^[a-z][a-z0-9]*([A-Z]{1,3}[a-z0-9]+)*([A-Z]{2})?$'.",
"location":  {
"uri":  "sources\Ember-MM\Addons\generic.EmberCore.MovieExport\dlgExportMovies.vb",
"region":  {
"startLine":  99,
"startColumn":  17,
"endLine":  99,
"endColumn":  26
}
}
},
{
"id":  "S117",
"message":  "Rename this local variable to match the regular expression: '^[a-z][a-z0-9]*([A-Z]{1,3}[a-z0-9]+)*([A-Z]{2})?$'.",
"location":  {
"uri":  "sources\Ember-MM\Addons\generic.EmberCore.MovieExport\dlgExportMovies.vb",
"region":  {
"startLine":  115,
"startColumn":  17,
"endLine":  115,
"endColumn":  23
}
}
},
{
"id":  "S117",
"message":  "Rename this local variable to match the regular expression: '^[a-z][a-z0-9]*([A-Z]{1,3}[a-z0-9]+)*([A-Z]{2})?$'.",
"location":  {
"uri":  "sources\Ember-MM\Addons\generic.EmberCore.MovieExport\dlgExportMovies.vb",
"region":  {
"startLine":  194,
"startColumn":  22,
"endLine":  194,
"endColumn":  31
}
}
},
{
"id":  "S117",
"message":  "Rename this local variable to match the regular expression: '^[a-z][a-z0-9]*([A-Z]{1,3}[a-z0-9]+)*([A-Z]{2})?$'.",
"location":  {
"uri":  "sources\Ember-MM\Addons\generic.EmberCore.MovieExport\dlgExportMovies.vb",
"region":  {
"startLine":  195,
"startColumn":  21,
"endLine":  195,
"endColumn":  32
}
}
},
{
"id":  "S117",
"message":  "Rename this local variable to match the regular expression: '^[a-z][a-z0-9]*([A-Z]{1,3}[a-z0-9]+)*([A-Z]{2})?$'.",
"location":  {
"uri":  "sources\Ember-MM\Addons\generic.EmberCore.MovieExport\dlgExportMovies.vb",
"region":  {
"startLine":  196,
"startColumn":  21,
"endLine":  196,
"endColumn":  35
}
}
},
{
"id":  "S117",
"message":  "Rename this local variable to match the regular expression: '^[a-z][a-z0-9]*([A-Z]{1,3}[a-z0-9]+)*([A-Z]{2})?$'.",
"location":  {
"uri":  "sources\Ember-MM\Addons\generic.EmberCore.MovieExport\dlgExportMovies.vb",
"region":  {
"startLine":  197,
"startColumn":  21,
"endLine":  197,
"endColumn":  32
}
}
},
{
"id":  "S117",
"message":  "Rename this local variable to match the regular expression: '^[a-z][a-z0-9]*([A-Z]{1,3}[a-z0-9]+)*([A-Z]{2})?$'.",
"location":  {
"uri":  "sources\Ember-MM\Addons\generic.EmberCore.MovieExport\dlgExportMovies.vb",
"region":  {
"startLine":  316,
"startColumn":  19,
"endLine":  316,
"endColumn":  32
}
}
},
{
"id":  "S117",
"message":  "Rename this local variable to match the regular expression: '^[a-z][a-z0-9]*([A-Z]{1,3}[a-z0-9]+)*([A-Z]{2})?$'.",
"location":  {
"uri":  "sources\Ember-MM\Addons\generic.EmberCore.MovieExport\dlgExportMovies.vb",
"region":  {
"startLine":  317,
"startColumn":  21,
"endLine":  317,
"endColumn":  30
}
}
},
{
"id":  "S117",
"message":  "Rename this local variable to match the regular expression: '^[a-z][a-z0-9]*([A-Z]{1,3}[a-z0-9]+)*([A-Z]{2})?$'.",
"location":  {
"uri":  "sources\Ember-MM\Addons\generic.EmberCore.MovieExport\dlgExportMovies.vb",
"region":  {
"startLine":  318,
"startColumn":  21,
"endLine":  318,
"endColumn":  24
}
}
},
{
"id":  "S117",
"message":  "Rename this local variable to match the regular expression: '^[a-z][a-z0-9]*([A-Z]{1,3}[a-z0-9]+)*([A-Z]{2})?$'.",
"location":  {
"uri":  "sources\Ember-MM\Addons\generic.EmberCore.MovieExport\dlgExportMovies.vb",
"region":  {
"startLine":  321,
"startColumn":  23,
"endLine":  321,
"endColumn":  31
}
}
},
{
"id":  "S117",
"message":  "Rename this local variable to match the regular expression: '^[a-z][a-z0-9]*([A-Z]{1,3}[a-z0-9]+)*([A-Z]{2})?$'.",
"location":  {
"uri":  "sources\Ember-MM\Addons\generic.EmberCore.MovieExport\dlgExportMovies.vb",
"region":  {
"startLine":  325,
"startColumn":  23,
"endLine":  325,
"endColumn":  32
}
}
},
{
"id":  "S117",
"message":  "Rename this local variable to match the regular expression: '^[a-z][a-z0-9]*([A-Z]{1,3}[a-z0-9]+)*([A-Z]{2})?$'.",
"location":  {
"uri":  "sources\Ember-MM\Addons\generic.EmberCore.MovieExport\dlgExportMovies.vb",
"region":  {
"startLine":  381,
"startColumn":  17,
"endLine":  381,
"endColumn":  21
}
}
},
{
"id":  "S117",
"message":  "Rename this local variable to match the regular expression: '^[a-z][a-z0-9]*([A-Z]{1,3}[a-z0-9]+)*([A-Z]{2})?$'.",
"location":  {
"uri":  "sources\Ember-MM\Addons\generic.EmberCore.MovieExport\dlgExportMovies.vb",
"region":  {
"startLine":  545,
"startColumn":  22,
"endLine":  545,
"endColumn":  31
}
}
},
{
"id":  "S117",
"message":  "Rename this local variable to match the regular expression: '^[a-z][a-z0-9]*([A-Z]{1,3}[a-z0-9]+)*([A-Z]{2})?$'.",
"location":  {
"uri":  "sources\Ember-MM\Addons\generic.EmberCore.MovieExport\dlgExportMovies.vb",
"region":  {
"startLine":  570,
"startColumn":  22,
"endLine":  570,
"endColumn":  31
}
}
},
{
"id":  "S117",
"message":  "Rename this local variable to match the regular expression: '^[a-z][a-z0-9]*([A-Z]{1,3}[a-z0-9]+)*([A-Z]{2})?$'.",
"location":  {
"uri":  "sources\Ember-MM\Addons\generic.EmberCore.MovieExport\dlgExportMovies.vb",
"region":  {
"startLine":  669,
"startColumn":  13,
"endLine":  669,
"endColumn":  27
}
}
},
{
"id":  "S117",
"message":  "Rename this local variable to match the regular expression: '^[a-z][a-z0-9]*([A-Z]{1,3}[a-z0-9]+)*([A-Z]{2})?$'.",
"location":  {
"uri":  "sources\Ember-MM\Addons\generic.EmberCore.MovieExport\dlgExportMovies.vb",
"region":  {
"startLine":  675,
"startColumn":  21,
"endLine":  675,
"endColumn":  27
}
}
},
{
"id":  "S117",
"message":  "Rename this local variable to match the regular expression: '^[a-z][a-z0-9]*([A-Z]{1,3}[a-z0-9]+)*([A-Z]{2})?$'.",
"location":  {
"uri":  "sources\Ember-MM\Addons\generic.EmberCore.MovieExport\dlgExportMovies.vb",
"region":  {
"startLine":  698,
"startColumn":  26,
"endLine":  698,
"endColumn":  30
}
}
},
{
"id":  "S117",
"message":  "Rename this local variable to match the regular expression: '^[a-z][a-z0-9]*([A-Z]{1,3}[a-z0-9]+)*([A-Z]{2})?$'.",
"location":  {
"uri":  "sources\Ember-MM\Addons\generic.EmberCore.MovieExport\dlgExportMovies.vb",
"region":  {
"startLine":  745,
"startColumn":  13,
"endLine":  745,
"endColumn":  21
}
}
},
{
"id":  "S117",
"message":  "Rename this local variable to match the regular expression: '^[a-z][a-z0-9]*([A-Z]{1,3}[a-z0-9]+)*([A-Z]{2})?$'.",
"location":  {
"uri":  "sources\Ember-MM\Addons\generic.EmberCore.MovieExport\Module.MovieExporter.vb",
"region":  {
"startLine":  132,
"startColumn":  13,
"endLine":  132,
"endColumn":  19
}
}
}
]
}
