{
"issues":  [
{
"id":  "S1197",
"message":  "Move the array designator from the variable to the type.",
"location":  {
"uri":  "sources\Ember-MM\Addons\generic.EmberCore.WebServer\Server\clsServer.vb",
"region":  {
"startLine":  145,
"startColumn":  21,
"endLine":  145,
"endColumn":  32
}
}
}
]
}
