{
"issues":  [
{
"id":  "S4142",
"message":  "Verify that this is the intended value; it is the same as the 1st argument.",
"location":  [
{
"uri":  "sources\Ember-MM\Addons\generic.EmberCore.Extractor\clsExtractor.vb",
"region":  {
"startLine":  221,
"startColumn":  120,
"endLine":  221,
"endColumn":  180
}
},
{
"uri":  "sources\Ember-MM\Addons\generic.EmberCore.Extractor\clsExtractor.vb",
"region":  {
"startLine":  221,
"startColumn":  58,
"endLine":  221,
"endColumn":  118
}
}
]
}
]
}
