{
"issues":  [
{
"id":  "S105",
"message":  "Replace all tab characters in this file by sequences of white-spaces.",
"location":  {
"uri":  "sources\Ember-MM\Addons\generic.EmberCore.OfflineHolder\Module.OfflineMediaManager.vb",
"region":  {
"startLine":  33,
"startColumn":  1,
"endLine":  33,
"endColumn":  1
}
}
}
]
}
