{
"issues":  [
{
"id":  "S101",
"message":  "Rename this class to match the regular expression: '^([A-Z]{1,3}[a-z0-9]+)*([A-Z]{2})?$'.",
"location":  {
"uri":  "sources\Ember-MM\Addons\multi.Compatibility\frmBoxee.vb",
"region":  {
"startLine":  3,
"startColumn":  14,
"endLine":  3,
"endColumn":  22
}
}
},
{
"id":  "S101",
"message":  "Rename this class to match the regular expression: '^([A-Z]{1,3}[a-z0-9]+)*([A-Z]{2})?$'.",
"location":  {
"uri":  "sources\Ember-MM\Addons\multi.Compatibility\frmMediaBrowser.vb",
"region":  {
"startLine":  23,
"startColumn":  14,
"endLine":  23,
"endColumn":  29
}
}
},
{
"id":  "S101",
"message":  "Rename this class to match the regular expression: '^([A-Z]{1,3}[a-z0-9]+)*([A-Z]{2})?$'.",
"location":  {
"uri":  "sources\Ember-MM\Addons\multi.Compatibility\frmYAMJ.vb",
"region":  {
"startLine":  23,
"startColumn":  14,
"endLine":  23,
"endColumn":  21
}
}
},
{
"id":  "S101",
"message":  "Rename this class to match the regular expression: '^([A-Z]{1,3}[a-z0-9]+)*([A-Z]{2})?$'.",
"location":  {
"uri":  "sources\Ember-MM\Addons\multi.Compatibility\genericBoxee.vb",
"region":  {
"startLine":  4,
"startColumn":  14,
"endLine":  4,
"endColumn":  26
}
}
},
{
"id":  "S101",
"message":  "Rename this class to match the regular expression: '^([A-Z]{1,3}[a-z0-9]+)*([A-Z]{2})?$'.",
"location":  {
"uri":  "sources\Ember-MM\Addons\multi.Compatibility\genericMediaBrowser.vb",
"region":  {
"startLine":  6,
"startColumn":  14,
"endLine":  6,
"endColumn":  33
}
}
},
{
"id":  "S101",
"message":  "Rename this class to match the regular expression: '^([A-Z]{1,3}[a-z0-9]+)*([A-Z]{2})?$'.",
"location":  {
"uri":  "sources\Ember-MM\Addons\multi.Compatibility\genericYAMJ.vb",
"region":  {
"startLine":  4,
"startColumn":  14,
"endLine":  4,
"endColumn":  25
}
}
}
]
}
